Port 5175 is in use, trying another one...

  [32m[1mVITE[22m v5.4.21[39m  [2mready in [0m[1m674[22m[2m[0m ms[22m

  [32m➜[39m  [1mLocal[22m:   [36mhttp://localhost:[1m5176[22m/[39m
[2m  [32m➜[39m  [1mNetwork[22m[2m: use [22m[1m--host[22m[2m to expose[22m
[2m7:29:39 pm[22m [36m[1m[vite][22m[39m [32mhmr update [39m[2m/src/App.jsx[22m
[2m7:29:46 pm[22m [36m[1m[vite][22m[39m [32mvite.config.js changed, restarting server...[39m
[2m7:29:51 pm[22m [36m[1m[vite][22m[39m server restarted.
[2m7:47:09 pm[22m [36m[1m[vite][22m[39m [32mhmr update [39m[2m/src/pages/error/NetworkError.jsx[22m
[2m7:47:19 pm[22m [36m[1m[vite][22m[39m [32mhmr update [39m[2m/src/store/AppContext.jsx[22m
[2m7:47:34 pm[22m [36m[1m[vite][22m[39m [32mhmr update [39m[2m/src/components/FrameCanvas.jsx[22m
[2m7:47:44 pm[22m [36m[1m[vite][22m[39m [32mhmr update [39m[2m/src/components/FrameCanvas.jsx[22m
[2m7:47:58 pm[22m [36m[1m[vite][22m[39m [32mhmr update [39m[2m/src/pages/public/Home.jsx[22m
[2m7:52:31 pm[22m [36m[1m[vite][22m[39m [32mhmr update [39m[2m/src/components/FrameCanvas.jsx[22m
[2m7:55:21 pm[22m [36m[1m[vite][22m[39m [32mhmr upd[2m12:00:32 am[22m [36m[1m[vite][22m[39m [32mpage reload [39m[2mPRFlow_Project_Reference.html[22m
ate [39m[2m/src/components/FrameCanvas.jsx[22m
[2m7:55:36 pm[22m [36m[1m[vite][22m[39m [32mhmr update [39m[2m/src/components/FrameCanvas.jsx[22m
[2m7:55:47 pm[22m [36m[1m[vite][22m[39m [32mhmr update [39m[2m/src/components/FrameCanvas.jsx[22m
[2m7:55:47 pm[22m [36m[1m[vite][22m[39m [32mhmr update [39m[2m/src/components/FrameCan[2m12:00:32 am[22m [36m[1m[vite][22m[39m [32mpage reload [39m[2mPRFlow_Project_Reference.html[22m
sx[22m
[2m8:10:04 pm[22m [36m[1m[vite][22m[39m [32mhmr update [39m[2m/src/pages/public/Home.jsx[22m
[2m8:10:04 pm[22m [36m[1m[vite][22m[39m [32mhmr update [39m[2m/src/pages/public/Home.jsx[22m
[2m8:10:54 pm[22m [36m[1m[vite][22m[39m [32mhmr update [39m[2m/src/components/FrameCanvas.jsx[22m
[2m8:11:23 pm[22m [36m[1m[vite][22m[39m [32mhmr update [39m[2m/src/components/FrameCanvas.jsx[22m
[2m8:11:45 pm[22m [36m[1m[vite][22m[39m [32mhmr update [39m[2m/src/components/FrameCanvas.jsx[22m
[2m8:12:05 pm[22m [36m[1m[vite][22m[39m [32mhmr update [39m[2m/src/components/FrameCanvas.jsx[22m
[2m8:39:21 pm[22m [36m[1m[vite][22m[39m [32mhmr update [39m[2m/src/pages/auth/GithubCallback.jsx[22m
[2m8:49:12 pm[22m [36m[1m[vite][22m[39m [32mhmr update [39m[2m/src/components/FrameCanvas.jsx[22m
[2m8:49:12 pm[22m [36m[1m[vite][22m[39m [32mhmr update [39m[2m/src/components/FrameCanvas.jsx[22m
[2m8:49:31 pm[22m [36m[1m[vite][22m[39m [32mhmr update [39m[2m/src/pages/public/Home.jsx[22m
[2m8:49:32 pm[22m [36m[1m[vite][22m[39m [32mhmr update [39m[2m/src/pages/public/Home.jsx[22m
[2m8:49:50 pm[22m [36m[1m[vite][22m[39m [32mhmr update [39m[2m/src/components/FrameCanvas.jsx[22m
[2m11:13:40 pm[22m [36m[1m[vite][22m[39m [32mhmr update [39m[2m/src/cartoon-theme.css[22m
[2m11:13:55 pm[22m [36m[1m[vite][22m[39m [32mhmr update [39m[2m/src/components/shared/StatCard.jsx[22m
[2m11:14:15 pm[22m [36m[1m[vite][22m[39m [32mhmr update [39m[2m/src/components/shared/Sidebar.jsx[22m
[2m11:14:28 pm[22m [36m[1m[vite][22m[39m [32mhmr update [39m[2m/src/components/shared/DashboardHeader.jsx[22m
[2m11:14:49 pm[22m [36m[1m[vite][22m[39m [32mhmr update [39m[2m/src/pages/app/Dashboard.jsx[22m
[2m11:15:13 pm[22m [36m[1m[vite][22m[39m [32mhmr update [39m[2m/src/pages/app/PullRequests.jsx[22m
[2m11:15:36 pm[22m [36m[1m[vite][22m[39m [32mhmr update [39m[2m/src/pages/app/PRDetails.jsx[22m
[2m11:15:55 pm[22m [36m[1m[vite][22m[39m [32mhmr update [39m[2m/src/pages/app/DependencyGraph.jsx[22m
[2m11:16:18 pm[22m [36m[1m[vite][22m[39m [32mhmr update [39m[2m/src/pages/app/ReviewerAnalytics.jsx[22m
[2m11:16:34 pm[22m [36m[1m[vite][22m[39m [32mhmr update [39m[2m/src/pages/app/EngineeringAnalytics.jsx[22m
[2m11:16:53 pm[22m [36m[1m[vite][22m[39m [32mhmr update [39m[2m/src/pages/app/Repositories.jsx[22m
[2m11:19:03 pm[22m [36m[1m[vite][22m[39m [32mhmr update [39m[2m/src/pages/app/Alerts.jsx[22m
[2m11:19:20 pm[22m [36m[1m[vite][22m[39m [32mhmr update [39m[2m/src/pages/app/Profile.jsx[22m
[2m11:19:41 pm[22m [36m[1m[vite][22m[39m [32mhmr update [39m[2m/src/pages/app/Settings.jsx[22m
[2m12:00:32 am[22m [36m[1m[vite][22m[39m [32mpage reload [39m[2mPRFlow_Project_Reference.html[22m
